---
source: tui/src/bottom_pane/footer.rs
expression: terminal.backend()
---
"  gpt-5-codex · 72% left · 33/120 (33K used, 86K rem, 45K chat) · ? for shortcut"
