---
source: tui/src/bottom_pane/chat_composer.rs
expression: terminal.backend()
---
"                                                            "
"â€º /mo                                                       "
"  /model   choose what model and reasoning effort to use    "
"  /models  list available models from /v1/models endpoint   "
